Less than 50
Less than 50
Less than 50
Less than 50
Less than 50
