Less than 15
Less than 15
Less than 25
Less than 25
Greater than or equal to 50
